// Jest Snapshot v1, https://goo.gl/fbAQLP

exports[`<Card /> renders card correctly 1`] = `ShallowWrapper {}`;
